Archive member included because of file (symbol)

./libcsud.a(device.keyboard.c.o)
                              build/keyboard.o (KeyboardGetAddress)
./libcsud.a(platform.c.o)     ./libcsud.a(device.keyboard.c.o) (MemoryAllocate)
./libcsud.a(usbd.c.o)         build/main.o (UsbInitialise)
./libcsud.a(device.hid.c.o)   ./libcsud.a(device.keyboard.c.o) (HidReadDevice)
./libcsud.a(device.hub.c.o)   ./libcsud.a(usbd.c.o) (HubPortReset)
./libcsud.a(hcd.designware20.c.o)
                              ./libcsud.a(usbd.c.o) (HcdSumbitControlMessage)
./libcsud.a(hcd.designware20.roothub.c.o)
                              ./libcsud.a(hcd.designware20.c.o) (HcdProcessRootHubMessage)
./libcsud.a(platform.armv6.c.o)
                              ./libcsud.a(hcd.designware20.c.o) (__aeabi_uidiv)
./libcsud.a(platform.broadcom2835.c.o)
                              ./libcsud.a(usbd.c.o) (MicroDelay)

Allocating common symbols
Common symbol       size              file

CorePhysical        0x4               ./libcsud.a(hcd.designware20.c.o)
DeviceNumbers       0x4               ./libcsud.a(usbd.c.o)
HostPhysical        0x4               ./libcsud.a(hcd.designware20.c.o)
keyboards           0x10              ./libcsud.a(device.keyboard.c.o)
PowerPhysical       0x4               ./libcsud.a(hcd.designware20.c.o)
Heap                0x4000            ./libcsud.a(platform.c.o)
Allocations         0xc00             ./libcsud.a(platform.c.o)

Discarded input sections

 .bss           0x00000000        0x0 build/drawing.o
 .ARM.attributes
                0x00000000        0x0 build/drawing.o
 .glue_7        0x00000000        0x0 build/drawing.o
 .glue_7t       0x00000000        0x0 build/drawing.o
 .vfp11_veneer  0x00000000        0x0 build/drawing.o
 .janus_2cc_veneer
                0x00000000        0x0 build/drawing.o
 .v4_bx         0x00000000        0x0 build/drawing.o
 .bss           0x00000000        0x0 build/frameBuffer.o
 .ARM.attributes
                0x00000000        0x0 build/frameBuffer.o
 .glue_7        0x00000000        0x0 build/frameBuffer.o
 .glue_7t       0x00000000        0x0 build/frameBuffer.o
 .vfp11_veneer  0x00000000        0x0 build/frameBuffer.o
 .janus_2cc_veneer
                0x00000000        0x0 build/frameBuffer.o
 .v4_bx         0x00000000        0x0 build/frameBuffer.o
 .bss           0x00000000        0x0 build/gpio.o
 .ARM.attributes
                0x00000000        0x0 build/gpio.o
 .glue_7        0x00000000        0x0 build/gpio.o
 .glue_7t       0x00000000        0x0 build/gpio.o
 .vfp11_veneer  0x00000000        0x0 build/gpio.o
 .janus_2cc_veneer
                0x00000000        0x0 build/gpio.o
 .v4_bx         0x00000000        0x0 build/gpio.o
 .bss           0x00000000        0x0 build/keyboard.o
 .ARM.attributes
                0x00000000        0x0 build/keyboard.o
 .glue_7        0x00000000        0x0 build/keyboard.o
 .glue_7t       0x00000000        0x0 build/keyboard.o
 .vfp11_veneer  0x00000000        0x0 build/keyboard.o
 .janus_2cc_veneer
                0x00000000        0x0 build/keyboard.o
 .v4_bx         0x00000000        0x0 build/keyboard.o
 .bss           0x00000000        0x0 build/mailbox.o
 .ARM.attributes
                0x00000000        0x0 build/mailbox.o
 .glue_7        0x00000000        0x0 build/mailbox.o
 .glue_7t       0x00000000        0x0 build/mailbox.o
 .vfp11_veneer  0x00000000        0x0 build/mailbox.o
 .janus_2cc_veneer
                0x00000000        0x0 build/mailbox.o
 .v4_bx         0x00000000        0x0 build/mailbox.o
 .bss           0x00000000        0x0 build/main.o
 .ARM.attributes
                0x00000000        0x0 build/main.o
 .glue_7        0x00000000        0x0 build/main.o
 .glue_7t       0x00000000        0x0 build/main.o
 .vfp11_veneer  0x00000000        0x0 build/main.o
 .janus_2cc_veneer
                0x00000000        0x0 build/main.o
 .v4_bx         0x00000000        0x0 build/main.o
 .bss           0x00000000        0x0 build/maths.o
 .ARM.attributes
                0x00000000        0x0 build/maths.o
 .glue_7        0x00000000        0x0 build/maths.o
 .glue_7t       0x00000000        0x0 build/maths.o
 .vfp11_veneer  0x00000000        0x0 build/maths.o
 .janus_2cc_veneer
                0x00000000        0x0 build/maths.o
 .v4_bx         0x00000000        0x0 build/maths.o
 .bss           0x00000000        0x0 build/random.o
 .ARM.attributes
                0x00000000        0x0 build/random.o
 .glue_7        0x00000000        0x0 build/random.o
 .glue_7t       0x00000000        0x0 build/random.o
 .vfp11_veneer  0x00000000        0x0 build/random.o
 .janus_2cc_veneer
                0x00000000        0x0 build/random.o
 .v4_bx         0x00000000        0x0 build/random.o
 .bss           0x00000000        0x0 build/systemTimer.o
 .ARM.attributes
                0x00000000        0x0 build/systemTimer.o
 .glue_7        0x00000000        0x0 build/systemTimer.o
 .glue_7t       0x00000000        0x0 build/systemTimer.o
 .vfp11_veneer  0x00000000        0x0 build/systemTimer.o
 .janus_2cc_veneer
                0x00000000        0x0 build/systemTimer.o
 .v4_bx         0x00000000        0x0 build/systemTimer.o
 .bss           0x00000000        0x0 build/tags.o
 .ARM.attributes
                0x00000000        0x0 build/tags.o
 .glue_7        0x00000000        0x0 build/tags.o
 .glue_7t       0x00000000        0x0 build/tags.o
 .vfp11_veneer  0x00000000        0x0 build/tags.o
 .janus_2cc_veneer
                0x00000000        0x0 build/tags.o
 .v4_bx         0x00000000        0x0 build/tags.o
 .bss           0x00000000        0x0 build/terminal.o
 .ARM.attributes
                0x00000000        0x0 build/terminal.o
 .glue_7        0x00000000        0x0 build/terminal.o
 .glue_7t       0x00000000        0x0 build/terminal.o
 .vfp11_veneer  0x00000000        0x0 build/terminal.o
 .janus_2cc_veneer
                0x00000000        0x0 build/terminal.o
 .v4_bx         0x00000000        0x0 build/terminal.o
 .bss           0x00000000        0x0 build/text.o
 .ARM.attributes
                0x00000000        0x0 build/text.o
 .glue_7        0x00000000        0x0 build/text.o
 .glue_7t       0x00000000        0x0 build/text.o
 .vfp11_veneer  0x00000000        0x0 build/text.o
 .janus_2cc_veneer
                0x00000000        0x0 build/text.o
 .v4_bx         0x00000000        0x0 build/text.o

Memory Configuration

Name             Origin             Length             Attributes
*default*        0x00000000         0xffffffff

Linker script and memory map

LOAD build/drawing.o
LOAD build/frameBuffer.o
LOAD build/gpio.o
LOAD build/keyboard.o
LOAD build/mailbox.o
LOAD build/main.o
LOAD build/maths.o
LOAD build/random.o
LOAD build/systemTimer.o
LOAD build/tags.o
LOAD build/terminal.o
LOAD build/text.o
LOAD ./libcsud.a

.init           0x00000000        0x4
 *(.init)
 .init          0x00000000        0x4 build/main.o
                0x00000000                _start

.data           0x00008080    0x19404
 *(.data)
 .data          0x00008080      0x810 build/drawing.o
 *fill*         0x00008890      0x770 3f3f3f3f
 .data          0x00009000     0x1000 build/frameBuffer.o
                0x00009000                FrameBufferInfo
 .data          0x0000a000        0x0 build/gpio.o
 .data          0x0000a000       0xe0 build/keyboard.o
 .data          0x0000a0e0        0x0 build/mailbox.o
 .data          0x0000a0e0      0x250 build/main.o
 .data          0x0000a330        0x0 build/maths.o
 .data          0x0000a330        0x0 build/random.o
 .data          0x0000a330        0x0 build/systemTimer.o
 .data          0x0000a330       0x24 build/tags.o
 *fill*         0x0000a354       0xac 3f3f3f3f
 .data          0x0000a400     0xb100 build/terminal.o
 .data          0x00015500        0x0 build/text.o
 .data          0x00015500        0x0 ./libcsud.a(device.keyboard.c.o)
 .data          0x00015500        0x4 ./libcsud.a(platform.c.o)
                0x00015500                FirstAllocation
 .data          0x00015504        0x0 ./libcsud.a(usbd.c.o)
 .data          0x00015504        0x0 ./libcsud.a(device.hid.c.o)
 .data          0x00015504        0x0 ./libcsud.a(device.hub.c.o)
 .data          0x00015504        0x0 ./libcsud.a(hcd.designware20.c.o)
 .data          0x00015504       0x64 ./libcsud.a(hcd.designware20.roothub.c.o)
                0x00015534                String0
                0x0001555c                HubDescriptor
                0x00015504                DeviceDescriptor
                0x00015518                ConfigurationDescriptor
                0x00015538                String1
 .data          0x00015568        0x0 ./libcsud.a(platform.armv6.c.o)
 .data          0x00015568        0x0 ./libcsud.a(platform.broadcom2835.c.o)
 *.c.o(*)
 .text          0x00015568     0x1000 ./libcsud.a(device.keyboard.c.o)
                0x00015dd8                KeyboardSetLeds
                0x000163d0                KeyboardGetKeyDownCount
                0x0001565c                KeyboardIndex
                0x00016434                KeyboadGetKeyIsDown
                0x00015ff4                KeyboardGetLedSupport
                0x000155e4                KeyboardDeallocate
                0x00015dc8                KeyboardCount
                0x00016384                KeyboardGetModifiers
                0x000156fc                KeyboardScan
                0x000156b4                KeyboardGetAddress
                0x000164ec                KeyboardGetKeyDown
                0x00016040                KeyboardPoll
                0x00015568                KeyboardDetached
 .bss           0x00016568       0x14 ./libcsud.a(device.keyboard.c.o)
                0x00016568                keyboardAddresses
                0x00016578                keyboardCount
 .comment       0x0001657c       0x11 ./libcsud.a(device.keyboard.c.o)
                                 0x12 (size before relaxing)
 .ARM.attributes
                0x0001658d       0x32 ./libcsud.a(device.keyboard.c.o)
 *fill*         0x000165bf        0x1 3f3f3f3f
 COMMON         0x000165c0       0x10 ./libcsud.a(device.keyboard.c.o)
                0x000165c0                keyboards
 .glue_7        0x000165d0        0x0 ./libcsud.a(device.keyboard.c.o)
 .glue_7t       0x000165d0        0x0 ./libcsud.a(device.keyboard.c.o)
 .vfp11_veneer  0x000165d0        0x0 ./libcsud.a(device.keyboard.c.o)
 .janus_2cc_veneer
                0x000165d0        0x0 ./libcsud.a(device.keyboard.c.o)
 .v4_bx         0x000165d0        0x0 ./libcsud.a(device.keyboard.c.o)
 .text          0x000165d0      0x5c0 ./libcsud.a(platform.c.o)
                0x00016b40                MemoryCopy
                0x000165d0                MemoryReserve
                0x00016a28                MemoryDeallocate
                0x000165d8                MemoryAllocate
 .bss           0x00016b90        0x8 ./libcsud.a(platform.c.o)
                0x00016b90                FirstFreeAllocation
                0x00016b94                allocated
 .comment       0x00000000       0x12 ./libcsud.a(platform.c.o)
 .ARM.attributes
                0x00016b98       0x32 ./libcsud.a(platform.c.o)
 *fill*         0x00016bca        0x6 3f3f3f3f
 COMMON         0x00016bd0     0x4c00 ./libcsud.a(platform.c.o)
                0x00016bd0                Heap
                0x0001abd0                Allocations
 .glue_7        0x0001b7d0        0x0 ./libcsud.a(platform.c.o)
 .glue_7t       0x0001b7d0        0x0 ./libcsud.a(platform.c.o)
 .vfp11_veneer  0x0001b7d0        0x0 ./libcsud.a(platform.c.o)
 .janus_2cc_veneer
                0x0001b7d0        0x0 ./libcsud.a(platform.c.o)
 .v4_bx         0x0001b7d0        0x0 ./libcsud.a(platform.c.o)
 .text          0x0001b7d0     0x10e8 ./libcsud.a(usbd.c.o)
                0x0001bf74                UsbConfigure
                0x0001c3f4                UsbScanDevice
                0x0001c840                UsbInitialise
                0x0001bea0                UsbSetConfiguration
                0x0001b8ac                UsbControlMessage
                0x0001b7e0                UsbPrintDeviceTree
                0x0001c7f0                UsbScanRootHub
                0x0001bdc0                UsbSetAddress
                0x0001bc80                UsbReadDeviceDescriptor
                0x0001c61c                UsbAllocateDevice
                0x0001c89c                UsbCheckForChange
                0x0001c6d8                UsbDeallocateDevice
                0x0001c144                UsbGetDescription
                0x0001bb80                UsbReadString
                0x0001bafc                UsbReadStringLang
                0x0001ba90                UsbGetString
                0x0001b7d0                UsbGetRootHub
                0x0001b9a4                UsbGetDescriptor
 .bss           0x0001c8b8        0x4 ./libcsud.a(usbd.c.o)
                0x0001c8b8                RootHub
 .rodata        0x0001c8bc      0x248 ./libcsud.a(usbd.c.o)
 .rodata.str1.4
                0x0001cb04       0x10 ./libcsud.a(usbd.c.o)
 .comment       0x00000000       0x12 ./libcsud.a(usbd.c.o)
 .ARM.attributes
                0x0001cb14       0x32 ./libcsud.a(usbd.c.o)
 *fill*         0x0001cb46        0x2 3f3f3f3f
 COMMON         0x0001cb48        0x4 ./libcsud.a(usbd.c.o)
                0x0001cb48                DeviceNumbers
 .glue_7        0x0001cb4c        0x0 ./libcsud.a(usbd.c.o)
 .glue_7t       0x0001cb4c        0x0 ./libcsud.a(usbd.c.o)
 .vfp11_veneer  0x0001cb4c        0x0 ./libcsud.a(usbd.c.o)
 .janus_2cc_veneer
                0x0001cb4c        0x0 ./libcsud.a(usbd.c.o)
 .v4_bx         0x0001cb4c        0x0 ./libcsud.a(usbd.c.o)
 .text          0x0001cb4c     0x1b24 ./libcsud.a(device.hid.c.o)
                0x0001d780                HidSetReport
                0x0001d60c                HidEnumerateActionCountReport
                0x0001cb4c                HidEnumerateActionCountField
                0x0001d6c4                HidGetReport
                0x0001dee8                HidEnumerateReport
                0x0001e040                HidParseReportDescriptor
                0x0001de38                HidSetProtocol
                0x0001da64                BitGetSigned
                0x0001d95c                BitGetUnsigned
                0x0001ccb0                HidEnumerateActionAddField
                0x0001da90                HidReadDevice
                0x0001cc74                HidDetached
                0x0001d830                BitSet
                0x0001dc8c                HidWriteDevice
                0x0001e370                HidScan
                0x0001e660                HidGetFieldValue
                0x0001d4b8                HidDeallocate
 .bss           0x0001e670        0x0 ./libcsud.a(device.hid.c.o)
 .comment       0x00000000       0x12 ./libcsud.a(device.hid.c.o)
 .ARM.attributes
                0x0001e670       0x32 ./libcsud.a(device.hid.c.o)
 *fill*         0x0001e6a2        0x2 3f3f3f3f
 .glue_7        0x0001e6a4        0x0 ./libcsud.a(device.hid.c.o)
 .glue_7t       0x0001e6a4        0x0 ./libcsud.a(device.hid.c.o)
 .vfp11_veneer  0x0001e6a4        0x0 ./libcsud.a(device.hid.c.o)
 .janus_2cc_veneer
                0x0001e6a4        0x0 ./libcsud.a(device.hid.c.o)
 .v4_bx         0x0001e6a4        0x0 ./libcsud.a(device.hid.c.o)
 .text          0x0001e6a4      0xd34 ./libcsud.a(device.hub.c.o)
                0x0001e918                HubGetStatus
                0x0001ead0                HubChangeFeature
                0x0001e6a4                HubDetached
                0x0001efc4                HubCheckConnection
                0x0001f1c0                HubScan
                0x0001f0f8                HubRecursiveCheck
                0x0001ec40                HubPowerOn
                0x0001e744                HubDeallocate
                0x0001eb84                HubChangePortFeature
                0x0001ece8                HubPortReset
                0x0001edbc                HubPortConnectionChanged
                0x0001e9f0                HubPortGetStatus
                0x0001e820                HubReadDescriptor
 .bss           0x0001f3d8        0x0 ./libcsud.a(device.hub.c.o)
 .comment       0x00000000       0x12 ./libcsud.a(device.hub.c.o)
 .ARM.attributes
                0x0001f3d8       0x32 ./libcsud.a(device.hub.c.o)
 *fill*         0x0001f40a        0x2 3f3f3f3f
 .glue_7        0x0001f40c        0x0 ./libcsud.a(device.hub.c.o)
 .glue_7t       0x0001f40c        0x0 ./libcsud.a(device.hub.c.o)
 .vfp11_veneer  0x0001f40c        0x0 ./libcsud.a(device.hub.c.o)
 .janus_2cc_veneer
                0x0001f40c        0x0 ./libcsud.a(device.hub.c.o)
 .v4_bx         0x0001f40c        0x0 ./libcsud.a(device.hub.c.o)
 .text          0x0001f40c     0x160c ./libcsud.a(hcd.designware20.c.o)
                0x0001f5b4                SetReg
                0x0001f40c                WriteThroughRegMask
                0x0001fb24                HcdTransmitChannel
                0x00020080                HcdSumbitControlMessage
                0x0001f700                HcdTransmitFifoFlush
                0x0001f4a0                WriteThroughReg
                0x000209b8                HcdStop
                0x0001fcac                HcdChannelSendWaitOne
                0x0001f794                HcdReceiveFifoFlush
                0x000202c8                HcdInitialise
                0x000209dc                HcdDeinitialise
                0x0001f650                HcdReset
                0x0001f54c                ClearReg
                0x0001f80c                HcdPrepareChannel
                0x0001fbd0                HcdChannelInterruptToError
                0x0001f4a8                ReadBackReg
                0x0002045c                HcdStart
                0x0001ff68                HcdChannelSendWait
 .bss           0x00020a18       0x14 ./libcsud.a(hcd.designware20.c.o)
                0x00020a1c                Host
                0x00020a18                Core
                0x00020a20                Power
                0x00020a24                databuffer
                0x00020a28                PhyInitialised
 .comment       0x00000000       0x12 ./libcsud.a(hcd.designware20.c.o)
 .ARM.attributes
                0x00020a2c       0x32 ./libcsud.a(hcd.designware20.c.o)
 *fill*         0x00020a5e        0x2 3f3f3f3f
 COMMON         0x00020a60        0xc ./libcsud.a(hcd.designware20.c.o)
                0x00020a60                CorePhysical
                0x00020a64                HostPhysical
                0x00020a68                PowerPhysical
 .glue_7        0x00020a6c        0x0 ./libcsud.a(hcd.designware20.c.o)
 .glue_7t       0x00020a6c        0x0 ./libcsud.a(hcd.designware20.c.o)
 .vfp11_veneer  0x00020a6c        0x0 ./libcsud.a(hcd.designware20.c.o)
 .janus_2cc_veneer
                0x00020a6c        0x0 ./libcsud.a(hcd.designware20.c.o)
 .v4_bx         0x00020a6c        0x0 ./libcsud.a(hcd.designware20.c.o)
 .text          0x00020a6c      0x6f0 ./libcsud.a(hcd.designware20.roothub.c.o)
                0x00020a6c                HcdProcessRootHubMessage
 .bss           0x0002115c        0x4 ./libcsud.a(hcd.designware20.roothub.c.o)
                0x0002115c                RootHubDeviceNumber
 .comment       0x00000000       0x12 ./libcsud.a(hcd.designware20.roothub.c.o)
 .ARM.attributes
                0x00021160       0x32 ./libcsud.a(hcd.designware20.roothub.c.o)
 *fill*         0x00021192        0x2 3f3f3f3f
 .glue_7        0x00021194        0x0 ./libcsud.a(hcd.designware20.roothub.c.o)
 .glue_7t       0x00021194        0x0 ./libcsud.a(hcd.designware20.roothub.c.o)
 .vfp11_veneer  0x00021194        0x0 ./libcsud.a(hcd.designware20.roothub.c.o)
 .janus_2cc_veneer
                0x00021194        0x0 ./libcsud.a(hcd.designware20.roothub.c.o)
 .v4_bx         0x00021194        0x0 ./libcsud.a(hcd.designware20.roothub.c.o)
 .text          0x00021194      0x16c ./libcsud.a(platform.armv6.c.o)
                0x000212c8                __aeabi_uidiv
                0x00021194                __aeabi_uidivmod
 .bss           0x00021300        0x0 ./libcsud.a(platform.armv6.c.o)
 .comment       0x00000000       0x12 ./libcsud.a(platform.armv6.c.o)
 .ARM.attributes
                0x00021300       0x32 ./libcsud.a(platform.armv6.c.o)
 *fill*         0x00021332        0x2 3f3f3f3f
 .glue_7        0x00021334        0x0 ./libcsud.a(platform.armv6.c.o)
 .glue_7t       0x00021334        0x0 ./libcsud.a(platform.armv6.c.o)
 .vfp11_veneer  0x00021334        0x0 ./libcsud.a(platform.armv6.c.o)
 .janus_2cc_veneer
                0x00021334        0x0 ./libcsud.a(platform.armv6.c.o)
 .v4_bx         0x00021334        0x0 ./libcsud.a(platform.armv6.c.o)
 .text          0x00021334      0x11c ./libcsud.a(platform.broadcom2835.c.o)
                0x00021334                MicroDelay
                0x000213a4                PowerOnUsb
 .bss           0x00021450        0x0 ./libcsud.a(platform.broadcom2835.c.o)
 .comment       0x00000000       0x12 ./libcsud.a(platform.broadcom2835.c.o)
 .ARM.attributes
                0x00021450       0x32 ./libcsud.a(platform.broadcom2835.c.o)
 *fill*         0x00021482        0x2 3f3f3f3f
 .glue_7        0x00021484        0x0 ./libcsud.a(platform.broadcom2835.c.o)
 .glue_7t       0x00021484        0x0 ./libcsud.a(platform.broadcom2835.c.o)
 .vfp11_veneer  0x00021484        0x0 ./libcsud.a(platform.broadcom2835.c.o)
 .janus_2cc_veneer
                0x00021484        0x0 ./libcsud.a(platform.broadcom2835.c.o)
 .v4_bx         0x00021484        0x0 ./libcsud.a(platform.broadcom2835.c.o)

.text           0x00021484      0xc74
 *.c.o(.text)
 *(.text)
 .text          0x00021484      0x1d4 build/drawing.o
                0x0002149c                SetGraphicsAddress
                0x000214a8                DrawPixel
                0x0002156c                DrawCharacter
                0x000215d8                DrawString
                0x00021484                SetForeColour
                0x000214f0                DrawLine
 .text          0x00021658       0x68 build/frameBuffer.o
                0x00021658                InitialiseFrameBuffer
 .text          0x000216c0       0x98 build/gpio.o
                0x000216c8                SetGpioFunction
                0x000216c0                GetGpioAddress
                0x00021718                SetGpio
 .text          0x00021758      0x144 build/keyboard.o
                0x00021758                KeyboardUpdate
                0x0002180c                KeyboardGetChar
                0x000217dc                KeyWasDown
 .text          0x0002189c       0x6c build/mailbox.o
                0x000218a4                MailboxRead
                0x000218d8                MailboxWrite
                0x0002189c                GetMailboxBase
 .text          0x00021908      0x238 build/main.o
 .text          0x00021b40       0x48 build/maths.o
                0x00021b40                DivideU32
 .text          0x00021b88       0x18 build/random.o
                0x00021b88                Random
 .text          0x00021ba0       0x40 build/systemTimer.o
                0x00021ba0                GetSystemTimerBase
                0x00021bb8                Wait
                0x00021ba8                GetTimeStamp
 .text          0x00021be0       0x74 build/tags.o
                0x00021be0                FindTag
 .text          0x00021c54      0x2c0 build/terminal.o
                0x00021d4c                Print
                0x00021c8c                TerminalDisplay
                0x00021e24                ReadLine
                0x00021d34                TerminalClear
 .text          0x00021f14      0x1e4 build/text.o
                0x00021fbc                FormatString
                0x00021f90                SignedString
                0x00021f14                ReverseString
                0x00021f40                UnsignedString

/DISCARD/
 *(*)
OUTPUT(build/output.elf elf32-littlearm)
